// Jest Snapshot v1, https://goo.gl/fbAQLP

exports[`renders correctly 1`] = `
<div
  className="footer"
>
  <img
    alt="tmdb"
    className="tmdb"
  />
  <a
    href="https://github.com/lviit/themoviedb-react/"
  >
    <img
      alt="github"
      className="github"
    />
  </a>
</div>
`;
