// Jest Snapshot v1, https://goo.gl/fbAQLP

exports[`renders correctly 1`] = `
ShallowWrapper {
  "length": 1,
  Symbol(enzyme.__root__): [Circular],
  Symbol(enzyme.__unrendered__): <Header
    history={Object {}}
  />,
  Symbol(enzyme.__renderer__): Object {
    "batchedUpdates": [Function],
    "getNode": [Function],
    "render": [Function],
    "simulateEvent": [Function],
    "unmount": [Function],
  },
  Symbol(enzyme.__node__): Object {
    "instance": null,
    "key": undefined,
    "nodeType": "host",
    "props": Object {
      "children": Array [
        <div
          className="header"
        >
          <div
            className="navigation"
          >
            <button
              className="button material-icons"
              onClick={undefined}
            >
              arrow_back
            </button>
            <ul
              className="menu"
            >
              <li
                className="menuitem"
              >
                <NavLink
                  activeClassName="active"
                  ariaCurrent="true"
                  className="menulink"
                  exact={true}
                  to="/"
                >
                  Latest
                </NavLink>
              </li>
              <li
                className="menuitem"
              >
                <NavLink
                  activeClassName="active"
                  ariaCurrent="true"
                  className="menulink"
                  to="/genres"
                >
                  Genres
                </NavLink>
              </li>
              <li
                className="menuitem"
              >
                <NavLink
                  activeClassName="active"
                  ariaCurrent="true"
                  className="menulink"
                  to="/about"
                >
                  About
                </NavLink>
              </li>
            </ul>
            <button
              className="button material-icons"
              onClick={[Function]}
            >
              search
            </button>
          </div>
        </div>,
        <Connect(OnClickOutside(SearchBox))
          collapsed={false}
          toggleSearchBox={[Function]}
        />,
      ],
    },
    "ref": null,
    "rendered": Array [
      Object {
        "instance": null,
        "key": undefined,
        "nodeType": "host",
        "props": Object {
          "children": <div
            className="navigation"
          >
            <button
              className="button material-icons"
              onClick={undefined}
            >
              arrow_back
            </button>
            <ul
              className="menu"
            >
              <li
                className="menuitem"
              >
                <NavLink
                  activeClassName="active"
                  ariaCurrent="true"
                  className="menulink"
                  exact={true}
                  to="/"
                >
                  Latest
                </NavLink>
              </li>
              <li
                className="menuitem"
              >
                <NavLink
                  activeClassName="active"
                  ariaCurrent="true"
                  className="menulink"
                  to="/genres"
                >
                  Genres
                </NavLink>
              </li>
              <li
                className="menuitem"
              >
                <NavLink
                  activeClassName="active"
                  ariaCurrent="true"
                  className="menulink"
                  to="/about"
                >
                  About
                </NavLink>
              </li>
            </ul>
            <button
              className="button material-icons"
              onClick={[Function]}
            >
              search
            </button>
          </div>,
          "className": "header",
        },
        "ref": null,
        "rendered": Object {
          "instance": null,
          "key": undefined,
          "nodeType": "host",
          "props": Object {
            "children": Array [
              <button
                className="button material-icons"
                onClick={undefined}
              >
                arrow_back
              </button>,
              <ul
                className="menu"
              >
                <li
                  className="menuitem"
                >
                  <NavLink
                    activeClassName="active"
                    ariaCurrent="true"
                    className="menulink"
                    exact={true}
                    to="/"
                  >
                    Latest
                  </NavLink>
                </li>
                <li
                  className="menuitem"
                >
                  <NavLink
                    activeClassName="active"
                    ariaCurrent="true"
                    className="menulink"
                    to="/genres"
                  >
                    Genres
                  </NavLink>
                </li>
                <li
                  className="menuitem"
                >
                  <NavLink
                    activeClassName="active"
                    ariaCurrent="true"
                    className="menulink"
                    to="/about"
                  >
                    About
                  </NavLink>
                </li>
              </ul>,
              <button
                className="button material-icons"
                onClick={[Function]}
              >
                search
              </button>,
            ],
            "className": "navigation",
          },
          "ref": null,
          "rendered": Array [
            Object {
              "instance": null,
              "key": undefined,
              "nodeType": "host",
              "props": Object {
                "children": "arrow_back",
                "className": "button material-icons",
                "onClick": undefined,
              },
              "ref": null,
              "rendered": "arrow_back",
              "type": "button",
            },
            Object {
              "instance": null,
              "key": undefined,
              "nodeType": "host",
              "props": Object {
                "children": Array [
                  <li
                    className="menuitem"
                  >
                    <NavLink
                      activeClassName="active"
                      ariaCurrent="true"
                      className="menulink"
                      exact={true}
                      to="/"
                    >
                      Latest
                    </NavLink>
                  </li>,
                  <li
                    className="menuitem"
                  >
                    <NavLink
                      activeClassName="active"
                      ariaCurrent="true"
                      className="menulink"
                      to="/genres"
                    >
                      Genres
                    </NavLink>
                  </li>,
                  <li
                    className="menuitem"
                  >
                    <NavLink
                      activeClassName="active"
                      ariaCurrent="true"
                      className="menulink"
                      to="/about"
                    >
                      About
                    </NavLink>
                  </li>,
                ],
                "className": "menu",
              },
              "ref": null,
              "rendered": Array [
                Object {
                  "instance": null,
                  "key": undefined,
                  "nodeType": "host",
                  "props": Object {
                    "children": <NavLink
                      activeClassName="active"
                      ariaCurrent="true"
                      className="menulink"
                      exact={true}
                      to="/"
                    >
                      Latest
                    </NavLink>,
                    "className": "menuitem",
                  },
                  "ref": null,
                  "rendered": Object {
                    "instance": null,
                    "key": undefined,
                    "nodeType": "function",
                    "props": Object {
                      "activeClassName": "active",
                      "ariaCurrent": "true",
                      "children": "Latest",
                      "className": "menulink",
                      "exact": true,
                      "to": "/",
                    },
                    "ref": null,
                    "rendered": "Latest",
                    "type": [Function],
                  },
                  "type": "li",
                },
                Object {
                  "instance": null,
                  "key": undefined,
                  "nodeType": "host",
                  "props": Object {
                    "children": <NavLink
                      activeClassName="active"
                      ariaCurrent="true"
                      className="menulink"
                      to="/genres"
                    >
                      Genres
                    </NavLink>,
                    "className": "menuitem",
                  },
                  "ref": null,
                  "rendered": Object {
                    "instance": null,
                    "key": undefined,
                    "nodeType": "function",
                    "props": Object {
                      "activeClassName": "active",
                      "ariaCurrent": "true",
                      "children": "Genres",
                      "className": "menulink",
                      "to": "/genres",
                    },
                    "ref": null,
                    "rendered": "Genres",
                    "type": [Function],
                  },
                  "type": "li",
                },
                Object {
                  "instance": null,
                  "key": undefined,
                  "nodeType": "host",
                  "props": Object {
                    "children": <NavLink
                      activeClassName="active"
                      ariaCurrent="true"
                      className="menulink"
                      to="/about"
                    >
                      About
                    </NavLink>,
                    "className": "menuitem",
                  },
                  "ref": null,
                  "rendered": Object {
                    "instance": null,
                    "key": undefined,
                    "nodeType": "function",
                    "props": Object {
                      "activeClassName": "active",
                      "ariaCurrent": "true",
                      "children": "About",
                      "className": "menulink",
                      "to": "/about",
                    },
                    "ref": null,
                    "rendered": "About",
                    "type": [Function],
                  },
                  "type": "li",
                },
              ],
              "type": "ul",
            },
            Object {
              "instance": null,
              "key": undefined,
              "nodeType": "host",
              "props": Object {
                "children": "search",
                "className": "button material-icons",
                "onClick": [Function],
              },
              "ref": null,
              "rendered": "search",
              "type": "button",
            },
          ],
          "type": "div",
        },
        "type": "div",
      },
      Object {
        "instance": null,
        "key": undefined,
        "nodeType": "class",
        "props": Object {
          "collapsed": false,
          "toggleSearchBox": [Function],
        },
        "ref": null,
        "rendered": null,
        "type": [Function],
      },
    ],
    "type": "div",
  },
  Symbol(enzyme.__nodes__): Array [
    Object {
      "instance": null,
      "key": undefined,
      "nodeType": "host",
      "props": Object {
        "children": Array [
          <div
            className="header"
          >
            <div
              className="navigation"
            >
              <button
                className="button material-icons"
                onClick={undefined}
              >
                arrow_back
              </button>
              <ul
                className="menu"
              >
                <li
                  className="menuitem"
                >
                  <NavLink
                    activeClassName="active"
                    ariaCurrent="true"
                    className="menulink"
                    exact={true}
                    to="/"
                  >
                    Latest
                  </NavLink>
                </li>
                <li
                  className="menuitem"
                >
                  <NavLink
                    activeClassName="active"
                    ariaCurrent="true"
                    className="menulink"
                    to="/genres"
                  >
                    Genres
                  </NavLink>
                </li>
                <li
                  className="menuitem"
                >
                  <NavLink
                    activeClassName="active"
                    ariaCurrent="true"
                    className="menulink"
                    to="/about"
                  >
                    About
                  </NavLink>
                </li>
              </ul>
              <button
                className="button material-icons"
                onClick={[Function]}
              >
                search
              </button>
            </div>
          </div>,
          <Connect(OnClickOutside(SearchBox))
            collapsed={false}
            toggleSearchBox={[Function]}
          />,
        ],
      },
      "ref": null,
      "rendered": Array [
        Object {
          "instance": null,
          "key": undefined,
          "nodeType": "host",
          "props": Object {
            "children": <div
              className="navigation"
            >
              <button
                className="button material-icons"
                onClick={undefined}
              >
                arrow_back
              </button>
              <ul
                className="menu"
              >
                <li
                  className="menuitem"
                >
                  <NavLink
                    activeClassName="active"
                    ariaCurrent="true"
                    className="menulink"
                    exact={true}
                    to="/"
                  >
                    Latest
                  </NavLink>
                </li>
                <li
                  className="menuitem"
                >
                  <NavLink
                    activeClassName="active"
                    ariaCurrent="true"
                    className="menulink"
                    to="/genres"
                  >
                    Genres
                  </NavLink>
                </li>
                <li
                  className="menuitem"
                >
                  <NavLink
                    activeClassName="active"
                    ariaCurrent="true"
                    className="menulink"
                    to="/about"
                  >
                    About
                  </NavLink>
                </li>
              </ul>
              <button
                className="button material-icons"
                onClick={[Function]}
              >
                search
              </button>
            </div>,
            "className": "header",
          },
          "ref": null,
          "rendered": Object {
            "instance": null,
            "key": undefined,
            "nodeType": "host",
            "props": Object {
              "children": Array [
                <button
                  className="button material-icons"
                  onClick={undefined}
                >
                  arrow_back
                </button>,
                <ul
                  className="menu"
                >
                  <li
                    className="menuitem"
                  >
                    <NavLink
                      activeClassName="active"
                      ariaCurrent="true"
                      className="menulink"
                      exact={true}
                      to="/"
                    >
                      Latest
                    </NavLink>
                  </li>
                  <li
                    className="menuitem"
                  >
                    <NavLink
                      activeClassName="active"
                      ariaCurrent="true"
                      className="menulink"
                      to="/genres"
                    >
                      Genres
                    </NavLink>
                  </li>
                  <li
                    className="menuitem"
                  >
                    <NavLink
                      activeClassName="active"
                      ariaCurrent="true"
                      className="menulink"
                      to="/about"
                    >
                      About
                    </NavLink>
                  </li>
                </ul>,
                <button
                  className="button material-icons"
                  onClick={[Function]}
                >
                  search
                </button>,
              ],
              "className": "navigation",
            },
            "ref": null,
            "rendered": Array [
              Object {
                "instance": null,
                "key": undefined,
                "nodeType": "host",
                "props": Object {
                  "children": "arrow_back",
                  "className": "button material-icons",
                  "onClick": undefined,
                },
                "ref": null,
                "rendered": "arrow_back",
                "type": "button",
              },
              Object {
                "instance": null,
                "key": undefined,
                "nodeType": "host",
                "props": Object {
                  "children": Array [
                    <li
                      className="menuitem"
                    >
                      <NavLink
                        activeClassName="active"
                        ariaCurrent="true"
                        className="menulink"
                        exact={true}
                        to="/"
                      >
                        Latest
                      </NavLink>
                    </li>,
                    <li
                      className="menuitem"
                    >
                      <NavLink
                        activeClassName="active"
                        ariaCurrent="true"
                        className="menulink"
                        to="/genres"
                      >
                        Genres
                      </NavLink>
                    </li>,
                    <li
                      className="menuitem"
                    >
                      <NavLink
                        activeClassName="active"
                        ariaCurrent="true"
                        className="menulink"
                        to="/about"
                      >
                        About
                      </NavLink>
                    </li>,
                  ],
                  "className": "menu",
                },
                "ref": null,
                "rendered": Array [
                  Object {
                    "instance": null,
                    "key": undefined,
                    "nodeType": "host",
                    "props": Object {
                      "children": <NavLink
                        activeClassName="active"
                        ariaCurrent="true"
                        className="menulink"
                        exact={true}
                        to="/"
                      >
                        Latest
                      </NavLink>,
                      "className": "menuitem",
                    },
                    "ref": null,
                    "rendered": Object {
                      "instance": null,
                      "key": undefined,
                      "nodeType": "function",
                      "props": Object {
                        "activeClassName": "active",
                        "ariaCurrent": "true",
                        "children": "Latest",
                        "className": "menulink",
                        "exact": true,
                        "to": "/",
                      },
                      "ref": null,
                      "rendered": "Latest",
                      "type": [Function],
                    },
                    "type": "li",
                  },
                  Object {
                    "instance": null,
                    "key": undefined,
                    "nodeType": "host",
                    "props": Object {
                      "children": <NavLink
                        activeClassName="active"
                        ariaCurrent="true"
                        className="menulink"
                        to="/genres"
                      >
                        Genres
                      </NavLink>,
                      "className": "menuitem",
                    },
                    "ref": null,
                    "rendered": Object {
                      "instance": null,
                      "key": undefined,
                      "nodeType": "function",
                      "props": Object {
                        "activeClassName": "active",
                        "ariaCurrent": "true",
                        "children": "Genres",
                        "className": "menulink",
                        "to": "/genres",
                      },
                      "ref": null,
                      "rendered": "Genres",
                      "type": [Function],
                    },
                    "type": "li",
                  },
                  Object {
                    "instance": null,
                    "key": undefined,
                    "nodeType": "host",
                    "props": Object {
                      "children": <NavLink
                        activeClassName="active"
                        ariaCurrent="true"
                        className="menulink"
                        to="/about"
                      >
                        About
                      </NavLink>,
                      "className": "menuitem",
                    },
                    "ref": null,
                    "rendered": Object {
                      "instance": null,
                      "key": undefined,
                      "nodeType": "function",
                      "props": Object {
                        "activeClassName": "active",
                        "ariaCurrent": "true",
                        "children": "About",
                        "className": "menulink",
                        "to": "/about",
                      },
                      "ref": null,
                      "rendered": "About",
                      "type": [Function],
                    },
                    "type": "li",
                  },
                ],
                "type": "ul",
              },
              Object {
                "instance": null,
                "key": undefined,
                "nodeType": "host",
                "props": Object {
                  "children": "search",
                  "className": "button material-icons",
                  "onClick": [Function],
                },
                "ref": null,
                "rendered": "search",
                "type": "button",
              },
            ],
            "type": "div",
          },
          "type": "div",
        },
        Object {
          "instance": null,
          "key": undefined,
          "nodeType": "class",
          "props": Object {
            "collapsed": false,
            "toggleSearchBox": [Function],
          },
          "ref": null,
          "rendered": null,
          "type": [Function],
        },
      ],
      "type": "div",
    },
  ],
  Symbol(enzyme.__options__): Object {
    "adapter": ReactSixteenAdapter {
      "options": Object {
        "enableComponentDidUpdateOnSetState": true,
      },
    },
  },
}
`;
